============================= test session starts =============================
platform win32 -- Python 3.14.0, pytest-9.0.2, pluggy-1.6.0 -- C:\Python314\python.exe
cachedir: .pytest_cache
rootdir: C:\Users\Prajw\SampleSmart
plugins: anyio-4.12.0
collecting ... collected 0 items / 1 error

=================================== ERRORS ====================================
________________ ERROR collecting backend/tests/test_basic.py _________________
..\AppData\Roaming\Python\Python314\site-packages\starlette\testclient.py:38: in <module>
    import httpx
E   ModuleNotFoundError: No module named 'httpx'

During handling of the above exception, another exception occurred:
backend\tests\test_basic.py:4: in <module>
    from fastapi.testclient import TestClient
..\AppData\Roaming\Python\Python314\site-packages\fastapi\testclient.py:1: in <module>
    from starlette.testclient import TestClient as TestClient  # noqa
    ^^^^^^^^^^^^^^^^^^^^^^^^^^^^^^^^^^^^^^^^^^^^^^^^^^^^^^^^^
..\AppData\Roaming\Python\Python314\site-packages\starlette\testclient.py:40: in <module>
    raise RuntimeError(
E   RuntimeError: The starlette.testclient module requires the httpx package to be installed.
E   You can install this with:
E       $ pip install httpx
=========================== short test summary info ===========================
ERROR backend/tests/test_basic.py - RuntimeError: The starlette.testclient mo...
!!!!!!!!!!!!!!!!!!! Interrupted: 1 error during collection !!!!!!!!!!!!!!!!!!!!
============================== 1 error in 0.68s ===============================
